[
  { "result": "ok" },
  { "result": "ok" },
  { "result": "ok" },

  {
    "result": "ok",
    "actions": [
      {},
      {},
      {},
      {
        "action": "setReadinessStatus", "userId": 2, "isReady": 1,
        "visibleRaces": [
          "Amazons",   "Dwarves", "Elves", "Giants", "Halflings", "Humans", "Orcs", "Ratmen", "Skeletons", "Sorcerers", "Tritons", "Trolls", "Wizards"
          ],
       "visibleSpecialPowers": [
          "Alchemist", "Berserk", "Bivouacking", "Commando", "Diplomat", "DragonMaster", "Flying", "Forest", "Fortified", "Heroic", "Hill", "Merchant", "Mounted", "Pillaging", "Seafaring", "Stout", "Swamp", "Underworld", "Wealthy"
          ]
      }
    ]
  }
]
