[
  { "result": "badActions" },
  { "result": "userNotLoggedIn" },
  { "result": "illegalAction" },
  { "result": "illegalAction" },
  { "result": "illegalAction" },
  { "result": "illegalAction" },
  { "result": "illegalAction" },
  { "result": "illegalAction" },
  { "result": "illegalAction" },
  { "result": "illegalAction" },
  { "result": "illegalAction" },
  { "result": "illegalAction" },
  { "result": "illegalAction" },
  { "result": "illegalAction" },
  { "result": "illegalAction" },

  { "result": "ok" }
]
