[
    {
        "result": "badUserSid"
    },
    {
        "result": "badUserSid"
    },
    {
        "result": "notInGame"
    },
    {
        "result": "badStage"
    },
    {
        "result": "badPosition"
    },
    {
        "result": "badPosition"
    },
    {
        "result": "badPosition"
    },
    {
        "result": "ok", "tokenBadgeId": 3
    },
    {
        "result": "ok",
        "gameState": {
            "players": [
                {
                    "userId": 1,
                    "username": "username1",
                    "coins": 3,
                    "tokensInHand": 11,
                    "currentTokenBadge": {
                        "tokenBadgeId": 3,
                        "specialPowerName": "Bivouacking",
                        "raceName": "Elves"
                    },
                    "declinedTokenBadge": {}
                },
                {}
            ],
            "visibleTokenBadges": [
                {
                    "tokenBadgeId": 1,
                    "specialPowerName": "Alchemist",
                    "raceName": "Amazons",
                    "bonusMoney": 1
                },
                {
                    "tokenBadgeId": 2,
                    "specialPowerName": "Berserk",
                    "raceName": "Dwarves",
                    "bonusMoney": 1
                },
                {
                    "tokenBadgeId": 4,
                    "specialPowerName": "Commando",
                    "raceName": "Giants",
                    "bonusMoney": 0
                },
                {
                    "tokenBadgeId": 5,
                    "specialPowerName": "Diplomat",
                    "raceName": "Halflings",
                    "bonusMoney": 0
                },
                {
                    "tokenBadgeId": 6,
                    "specialPowerName": "DragonMaster",
                    "raceName": "Humans",
                    "bonusMoney": 0
                },
                {
                    "tokenBadgeId": 7,
                    "specialPowerName": "Flying",
                    "raceName": "Orcs",
                    "bonusMoney": 0
                }
            ]
        }
    },
    {
        "result": "badStage"
    }

]
