[
    {
        "result": "ok", "tokenBadgeId": 3
    },
    {
        "result": "badUserSid"
    },
    {
        "result": "badUserSid"
    },
    {
        "result": "badStage"
    },
    {
        "result": "notInGame"
    },
    {
        "result": "badRegionId"
    },
    {
        "result": "badRegionId"
    },
    {
        "result": "badRegionId"
    },


    {
        "result": "badRegion"
    },
    {
        "result": "ok"
    },
    {
        "result": "badRegion"
    },
    {
        "result": "badRegion"
    },
    {
        "result": "ok"
    },
    {
        "result": "ok",
        "gameState": {
            "map" : {
              "regions": [
                { "currentRegionState": {"tokensNum": 0 }},
                { "currentRegionState": {"tokensNum": 1 }},
                { "currentRegionState": {"tokensNum": 2, "tokenBadgeId": 3, "ownerId": 1 }},
                { "currentRegionState": {"tokensNum": 3, "tokenBadgeId": 3, "ownerId": 1 }},
                { "currentRegionState": {"tokensNum": 0 }},
                { "currentRegionState": {"tokensNum": 1 }}
              ]
            },
            "players": [
                {
                    "userId": 1,
                    "username": "username1",
                    "coins": 3,
                    "tokensInHand": 6,
                    "currentTokenBadge": {
                        "tokenBadgeId": 3,
                        "specialPowerName": "Bivouacking",
                        "raceName": "Elves"
                    }
                },
                {}
            ]
        }
    },
    {
        "result": "badStage"
    },
    {
        "result": "ok"
    },
    {
        "result": "ok"
    },
    {
        "result": "badStage"
    }
]
