[
    {
        "result": "badUserSid"
    },
    {
        "result": "badUserSid"
    },
    {
        "result": "badUserSid"
    },
    {
        "result": "badStage"
    },
    {
        "result": "badRegionId"
    },
    {
        "result": "badRegionId"
    },
    {
        "result": "badRegionId"
    },


    {
        "result": "badRegion"
    },
    {
        "result": "badRegion"
    },
    {
        "result": "badTokensNum"
    },
    {
        "result": "badTokensNum"
    },
    {
        "result": "badTokensNum"
    },
    {
        "result": "badTokensNum"
    },
    {
        "result": "ok"
    },
    {
        "result": "ok",
        "gameState": {
            "currentTurn" : 0,
            "map" : {
              "regions": [
                { "currentRegionState": {"tokensNum": 0 }},
                { "currentRegionState": {"tokensNum": 4, "tokenBadgeId": 2, "ownerId": 1 }},
                { "currentRegionState": {"tokensNum": 7, "tokenBadgeId": 2, "ownerId": 1 }},
                { "currentRegionState": {"tokensNum": 0 }},
                { "currentRegionState": {"tokensNum": 1 }}
              ]
            },
            "players": [
                {
                    "userId": 1,
                    "username": "username1",
                    "coins": 3,
                    "tokensInHand": 0,
                    "currentTokenBadge": {
                        "tokenBadgeId": 2,
                        "specialPowerName": "bivouacking",
                        "raceName": "elves"
                    },
                    "declineTokenBadge": {}
                },
                {}
            ]
        }
    }

]
