[
    {
        "result": "ok", "tokenBadgeId": 3
    },
    {
        "result": "ok"
    },
    {
        "result": "ok"
    },
    {
        "result": "ok"
    },
    {
        "result": "ok"
    },
    {
        "result": "badUserSid"
    },
    {
        "result": "badUserSid"
    },
    {
        "result": "notInGame"
    },
    {
        "result": "badStage"
    },
    {
        "result": "ok", "statistics":[["Regions", 2], ["Elves", 0], ["Bivouacking", 0]]
    },
    {
        "result": "ok",
        "gameState": {
            "activePlayerId": 2,
            "currentTurn": 0,
            "map" : {
              "regions": [
                { "currentRegionState": {"tokensNum": 0 }},
                { "currentRegionState": {"tokensNum": 4, "tokenBadgeId": 3, "ownerId": 1 }},
                { "currentRegionState": {"tokensNum": 7, "tokenBadgeId": 3, "ownerId": 1 }},
                { "currentRegionState": {"tokensNum": 0 }},
                { "currentRegionState": {"tokensNum": 0 }},
                { "currentRegionState": {"tokensNum": 1 }}
              ]
            },
            "players": [
                {
                    "userId": 1,
                    "username": "username1",
                    "coins": 5,
                    "tokensInHand": 0,
                    "currentTokenBadge": {
                        "tokenBadgeId": 3,
                        "specialPowerName": "Bivouacking",
                        "raceName": "Elves"
                    }
                },
                {}
            ]
        }
    },
    {
        "result": "badStage"
    },
    {
        "result": "badStage"
    },
    {
        "result": "badStage"
    },
    {
        "result": "badStage"
    },
    {
        "result": "badStage"
    },
    {
        "result": "badStage"
    },
    {
        "result": "ok", "tokenBadgeId": 1
    },
    {
        "result": "ok",
        "gameState": {
            "activePlayerId": 2,
            "currentTurn": 0,
            "map" : {
              "regions": [
                { "currentRegionState": {"tokensNum": 0 }},
                { "currentRegionState": {"tokensNum": 4, "tokenBadgeId": 3, "ownerId": 1 }},
                { "currentRegionState": {"tokensNum": 7, "tokenBadgeId": 3, "ownerId": 1 }},
                { "currentRegionState": {"tokensNum": 0 }},
                { "currentRegionState": {"tokensNum": 0 }},
                { "currentRegionState": {"tokensNum": 1 }}
              ]
            },
            "players": [
                {},
                {
                    "userId": 2,
                    "username": "username2",
                    "coins": 6,
                    "tokensInHand": 14,
                    "currentTokenBadge": {
                        "tokenBadgeId": 1,
                        "specialPowerName": "Alchemist",
                        "raceName": "Amazons"
                    }
                }
            ]
        }
    }
]
