[
    {
        "result": "ok", "tokenBadgeId": 2
    },
    {
        "result": "ok"
    },
    {
        "result": "badStage"
    },
    {
        "result": "ok"
    },
    {
        "result": "ok"
    },
    {
        "result": "ok"
    },
    {
        "result": "ok"
    },
    {
        "result": "ok", "coins": 4, "nextPlayer": 2
    },
    {
        "result": "ok", "tokenBadgeId": 5
    },
    {
        "result": "badRegion"
    },    
    {
        "result": "ok"
    },
    {
        "result": "badStage"
    },
    {
        "result": "badStage"
    },
    {
        "result": "badStage"
    },
    {
        "result": "ok",
        "gameState": {
            "activePlayerId": 1,
            "currentTurn": 0,
            "players": [
              {
                "userId": 1,
                "tokensInHand": 2
              },
              {}
            ]
           
        }
    },
    {
        "result": "badStage"
    },
    {
        "result": "badUserSid"
    },
    {
        "result": "badUserSid"
    },
    {
        "result": "notInGame"
    },
    {
        "result": "badStage"
    },
    {
        "result": "badRegionId"
    },
    {
        "result": "badRegionId"
    },
    {
        "result": "badRegionId"
    },
    {
        "result": "badRegion"
    },
    {
        "result": "badRegion"
    },
    {
        "result": "badRegion"
    },
    {
        "result": "thereAreTokensInTheHand"
    },
    {
        "result": "notEnoughTokens"
    },
    {
        "result": "thereAreTokensInTheHand"
    },
    {
        "result": "badRegion"
    },
    {
        "result": "badRegion"
    },
    {
        "result": "ok"
    },
    {
        "result": "ok",
        "gameState": {
            "activePlayerId": 2,
            "currentTurn": 0,
            "map" : {
              "regions": [
                { "currentRegionState": {"tokensNum": 0 }},
                { "currentRegionState": {"tokensNum": 7, "tokenBadgeId": 2, "ownerId": 1 }},
                { "currentRegionState": {"tokensNum": 4, "tokenBadgeId": 5, "ownerId": 2 }},
                { "currentRegionState": {"tokensNum": 1, "tokenBadgeId": 2, "ownerId": 1 }},
                { "currentRegionState": {"tokensNum": 3, "tokenBadgeId": 2, "ownerId": 1 }},
                { "currentRegionState": {"tokensNum": 1 }}
              ]
            },
            "players": [
                {
                    "userId": 1,
                    "username": "username1",
                    "tokensInHand": 0,
                    "currentTokenBadge": {
                        "tokenBadgeId": 2,
                        "specialPowerName": "bivouacking",
                        "raceName": "elves"
                    },
                    "declinedTokenBadge": {}
                },
                {
                    "userId": 2,
                    "username": "username2",
                    "coins": 1,
                    "tokensInHand": 6,
                    "currentTokenBadge": {
                        "tokenBadgeId": 5,
                        "specialPowerName": "dragonMaster",
                        "raceName": "humans"
                    },
                    "declinedTokenBadge": {}

                }
            ]
        }
    },
    {
        "result": "badStage"
    },
    {
        "result": "ok"
    },
    {
        "result": "badRegion"
    },
    {
        "result": "ok"
    },
    {
        "result": "badRegion"
    }
]
