[
    {
        "result": "ok", "tokenBadgeId": 3
    },
    {
        "result": "ok"
    },
    {
        "result": "badStage"
    },
    {
        "result": "ok"
    },
    {
        "result": "ok"
    },
    {
        "result": "ok"
    },
    {
        "result": "ok"
    },
    {
        "result": "ok", "statistics":[["Regions", 4], ["Elves", 0], ["Bivouacking", 0]]
    },
    {
        "result": "ok", "tokenBadgeId": 6
    },
    {
        "result": "badRegion"
    }, 
    {
        "result": "ok"
    },
    {
        "result": "badStage"
    },
    {
        "result": "badStage"
    },
    {
        "result": "badStage"
    },
    {
        "result": "ok",
        "gameState": {
            "defendingInfo": {
              "regionId": 3,
              "playerId": 1,
              "tokensNum": 2
            },
            "activePlayerId": 2,
            "currentTurn": 0,
            "players": [
              {
                "userId": 1,
                "tokensInHand": 0
              },
              {}
            ]
           
        }
    },
    {
        "result": "badStage"
    },
    {
        "result": "badUserSid"
    },
    {
        "result": "badUserSid"
    },
    {
        "result": "notInGame"
    },
    {
        "result": "badStage"
    },
    {
        "result": "badRegionId"
    },
    {
        "result": "badRegionId"
    },
    {
        "result": "badRegionId"
    },
    {
        "result": "badRegion"
    },
    {
        "result": "badRegion"
    },
    {
        "result": "badRegion"
    },
    {
        "result": "thereAreTokensInTheHand"
    },
    {
        "result": "notEnoughTokens"
    },
    {
        "result": "thereAreTokensInTheHand"
    },
    {
        "result": "badRegion"
    },
    {
        "result": "badRegion"
    },
    {
        "result": "ok"
    },
    {
        "result": "ok",
        "gameState": {
            "activePlayerId": 2,
            "currentTurn": 0,
            "map" : {
              "regions": [
                { "currentRegionState": {"tokensNum": 0 }},
                { "currentRegionState": {"tokensNum": 7, "tokenBadgeId": 3, "ownerId": 1 }},
                { "currentRegionState": {"tokensNum": 4, "tokenBadgeId": 6, "ownerId": 2 }},
                { "currentRegionState": {"tokensNum": 1, "tokenBadgeId": 3, "ownerId": 1 }},
                { "currentRegionState": {"tokensNum": 3, "tokenBadgeId": 3, "ownerId": 1 }},
                { "currentRegionState": {"tokensNum": 1 }}
              ]
            },
            "players": [
                {
                    "userId": 1,
                    "username": "username1",
                    "tokensInHand": 0,
                    "currentTokenBadge": {
                        "tokenBadgeId": 3,
                        "specialPowerName": "Bivouacking",
                        "raceName": "Elves"
                    }
                },
                {
                    "userId": 2,
                    "username": "username2",
                    "coins": 1,
                    "tokensInHand": 6,
                    "currentTokenBadge": {
                        "tokenBadgeId": 6,
                        "specialPowerName": "DragonMaster",
                        "raceName": "Humans"
                    }

                }
            ]
        }
    },
    {
        "result": "badStage"
    },
    {
        "result": "ok"
    },
    {
        "result": "badRegion"
    },
    {
        "result": "ok"
    },
    {
        "result": "badTokensNum"
    }
]
