[
    {
        "result": "ok", "tokenBadgeId": 3
    },
    {
        "result": "badStage"
    },
    {
        "result": "ok"
    },
    {
        "result": "badStage"
    },
    {
        "result": "ok"
    },
    {
        "result": "badStage"
    },
    {
        "result": "ok", "statistics":[["Regions", 1], ["Elves", 0], ["Bivouacking", 0]]
    },
    {
        "result": "badStage"
    },


    {
        "result": "ok", "tokenBadgeId": 1
    },
    {
        "result": "ok"
    },
    {
        "result": "ok"
    },
    {
        "result": "ok", "statistics":[["Regions", 1], ["Amazons", 0], ["Alchemist", 2]]
    },


    {
        "result": "ok"
    },
    {
        "result": "badStage"
    },
    {
        "result": "badStage"
    },
    {
        "result": "badStage"
    },
    {
        "result": "ok", "statistics":[["Regions", 1], ["Elves", 0], ["Bivouacking", 0]]
    },
    {
        "result": "ok",
        "gameState": {
            "activePlayerId": 2,
            "currentTurn": 1,
            "map" : {
              "regions": [
                { "currentRegionState": {"tokensNum": 0 }},
                { "currentRegionState": {"tokensNum": 1 }},
                { "currentRegionState": {"tokensNum": 1, "tokenBadgeId": 3, "ownerId": 1 }},
                { "currentRegionState": {"tokensNum": 1 }},
                { "currentRegionState": {"tokensNum": 1, "tokenBadgeId": 1, "ownerId": 2 }},
                { "currentRegionState": {"tokensNum": 1 }}
              ]
            },
            "players": [
                {
                    "userId": 1,
                    "username": "username1",
                    "coins": 5,
                    "currentTokenBadge": {},
                    "declinedTokenBadge": {
                        "tokenBadgeId": 3,
                        "specialPowerName": "Bivouacking",
                        "raceName": "Elves"
                    }
                },
                {
                    "userId": 2,
                    "username": "username2",
                    "tokensInHand": 13,
                    "currentTokenBadge": {
                        "tokenBadgeId": 1,
                        "specialPowerName": "Alchemist",
                        "raceName": "Amazons"
                    },
                    "declinedTokenBadge": {}

                }
            ]
        }
    }
]
