[
    {
        "result": "ok", "tokenBadgeId": 6
    },
    {
        "result": "ok"
    },
    {
        "result": "badRegion"
    },
    {
        "result": "ok"
    },
    {
        "result": "ok"
    },
    {
        "result": "ok"
    },
    {
        "result": "badStage"
    },
    {
        "result": "ok"
    },
    {
        "result": "ok", "statistic": [["region", 3], ["Humans", 1], ["DragonMaster", 0]]
    },
    {
        "result": "ok", "tokenBadgeId": 7
    },
    {
        "result": "ok"
    },
    {
        "result": "badStage"
    },
    {
        "result": "badRegion"
    },
    {
        "result": "ok"
    },
    {
        "result": "ok"
    },
    {
        "result": "badStage"
    },

    {
        "result": "badTokensNum", "dice": 0
    },
    {
        "result": "badStage"
    },
    {
        "result": "ok"
    },
    {
        "result": "ok", "statistic": [["region", 2], ["Orcs", 2], ["Flying", 0]]
    },
    {
        "result": "ok",
        "gameState": {
            "activePlayerId": 1,
            "currentTurn": 1,
            "map" : {
              "regions": [
                { "currentRegionState": {"tokensNum": 0 }},
                { "currentRegionState": {"tokensNum": 1 }},
                { "currentRegionState": {"tokensNum": 8, "tokenBadgeId": 7, "ownerId": 2 }},
                { "currentRegionState": {"tokensNum": 2, "tokenBadgeId": 7, "ownerId": 2 }},
                { "currentRegionState": {"tokensNum": 1, "tokenBadgeId": 6, "ownerId": 1 }},
                { "currentRegionState": {"tokensNum": 0 }}
              ]
            },
            "players": [
                {
                    "userId": 1,
                    "username": "username1",
                    "coins": 4,
                    "tokensInHand": 7,
                    "currentTokenBadge": {
                        "tokenBadgeId": 6,
                        "specialPowerName": "DragonMaster",
                        "raceName": "Humans"
                    },
                    "declinedTokenBadge": {}
                },
                {
                    "userId": 2,
                    "username": "username2",
                    "tokensInHand": 0,
                    "currentTokenBadge": {
                        "tokenBadgeId": 7,
                        "specialPowerName": "Flying",
                        "raceName": "Orcs"
                    },
                    "declinedTokenBadge": {}
                }                
            ]
        }
    },
    {
        "result": "badStage"
    },
    {
        "result": "ok"
    },
    {
        "result": "ok"
    },
    {
        "result": "ok"
    },
    {
        "result": "ok", "statistic": [["region", 2], ["Humans", 1], ["DragonMaster", 0]]
    },
    {
        "result": "ok"
    },
    {
        "result": "ok"
    },
    {
        "result": "ok"
    },
    {
        "result": "ok", "statistic": [["region", 2], ["Orcs", 1], ["Flying", 0]]
    },
    {
        "result": "ok"
    },
    {
        "result": "ok"
    },
    {
        "result": "ok", "statistic": [["region", 2], ["Humans", 1], ["DragonMaster", 0]]
    },
    {
        "result": "ok"
    },
    {
        "result": "ok"
    },
    {
        "result": "ok"
    },
    {
        "result": "ok", "statistic": [["region", 1], ["Orcs", 1], ["Flying", 0]]
    },
    {
        "result": "ok"
    },
    {
        "result": "ok", "statistic": [["region", 1], ["Humans", 0], ["DragonMaster", 0]]
    },
    {
        "result": "ok"
    },
    {
        "result": "ok",
        "gameState": {
            "activePlayerId": 2,
            "currentTurn": 3,
            "map" : {
              "regions": [
                { "currentRegionState": {"tokensNum": 0 }},
                { "currentRegionState": {"tokensNum": 1 }},
                { "currentRegionState": {"tokensNum": 0 }},
                { "currentRegionState": {"tokensNum": 0 }},
                { "currentRegionState": {"tokensNum": 1, "tokenBadgeId": 7, "ownerId": 2 }},
                { "currentRegionState": {"tokensNum": 8, "tokenBadgeId": 7, "ownerId": 2 }}
              ]
            },
            "players": [
                {
                    "userId": 1,
                    "username": "username1",
                    "tokensInHand": 5,
                    "currentTokenBadge": {
                        "tokenBadgeId": 6,
                        "specialPowerName": "DragonMaster",
                        "raceName": "Humans"
                    },
                    "declinedTokenBadge": {}
                },
                {
                    "userId": 2,
                    "username": "username2",
                    "tokensInHand": 0,
                    "currentTokenBadge": {
                        "tokenBadgeId": 7,
                        "specialPowerName": "Flying",
                        "raceName": "Orcs"
                    },
                    "declinedTokenBadge": {}
                }                
            ]
        }
    },
    {
        "result": "badStage"
    },
    {
        "result": "ok", "statistic": [["region", 2], ["Orcs", 1], ["Flying", 0]]
    },
    {
        "result": "badRegion"
    },
    {
        "result": "ok"
    }
]
