[
    {
        "result": "ok", "tokenBadgeId": 5
    },
    {
        "result": "ok"
    },
    {
        "result": "badRegion"
    },
    {
        "result": "ok"
    },
    {
        "result": "ok"
    },
    {
        "result": "ok"
    },
    {
        "result": "badStage"
    },
    {
        "result": "ok"
    },
    {
        "result": "ok", "coins": 4, "nextPlayer": 2
    },
    {
        "result": "ok", "tokenBadgeId": 6
    },
    {
        "result": "ok"
    },
    {
        "result": "badStage"
    },
    {
        "result": "badRegion"
    },
    {
        "result": "ok"
    },
    {
        "result": "ok"
    },
    {
        "result": "badStage"
    },

    {
        "result": "badRegion", "dice": 0
    },
    {
        "result": "badStage"
    },
    {
        "result": "ok"
    },
    {
        "result": "ok", "coins": 4, "nextPlayer": 1
    },
    {
        "result": "ok",
        "gameState": {
            "activePlayerId": 1,
            "currentTurn": 1,
            "map" : {
              "regions": [
                { "currentRegionState": {"tokensNum": 0 }},
                { "currentRegionState": {"tokensNum": 1 }},
                { "currentRegionState": {"tokensNum": 8, "tokenBadgeId": 6, "ownerId": 2 }},
                { "currentRegionState": {"tokensNum": 2, "tokenBadgeId": 6, "ownerId": 2 }},
                { "currentRegionState": {"tokensNum": 1, "tokenBadgeId": 5, "ownerId": 1 }},
                { "currentRegionState": {"tokensNum": 0 }}
              ]
            },
            "players": [
                {
                    "userId": 1,
                    "username": "username1",
                    "coins": 4,
                    "tokensInHand": 7,
                    "currentTokenBadge": {
                        "tokenBadgeId": 5,
                        "specialPowerName": "dragonMaster",
                        "raceName": "humans"
                    },
                    "declineTokenBadge": {}
                },
                {
                    "userId": 2,
                    "username": "username2",
                    "tokensInHand": 0,
                    "currentTokenBadge": {
                        "tokenBadgeId": 6,
                        "specialPowerName": "flying",
                        "raceName": "orcs"
                    },
                    "declineTokenBadge": {}
                }                
            ]
        }
    },
    {
        "result": "badStage"
    },
    {
        "result": "ok"
    },
    {
        "result": "ok"
    }
]
