[
    {
        "result": "ok"
    },
    {
        "result": "ok", "tokenBadgeId": 1
    },
    {
        "result": "ok",
        "gameState": {
            "activePlayerId": 1,
            "currentTurn": 0,
            "players": [
                {
                    "userId": 1,
                    "username": "username1",
                    "coins": 5,
                    "tokensInHand": 14,
                    "currentTokenBadge": {
                        "tokenBadgeId": 1,
                        "specialPowerName": "Alchemist",
                        "raceName": "Amazons"
                    }
                },
                {}
            ]
        }

    },
    {
        "result": "ok"
    },
    {
        "result": "ok"
    },
    {
        "result": "ok"
    },
    {
        "result": "ok"
    },
    {
        "result": "ok"
    },
    {
        "result": "ok"
    },
    {
        "result": "badTokensNum", "dice": 0
    },
    {
        "result": "notEnoughTokensForRedeployment"
    },
    {
        "result": "ok"
    },
    {
        "result": "ok",
        "gameState": {
            "activePlayerId": 1,
            "currentTurn": 0,
            "map" : {
              "regions": [
                {},
                {},
                {"currentRegionState": {"tokensNum": 10, "tokenBadgeId": 1, "ownerId": 1 }},
                {},
                {},
                {},
                {},
                {},
                {},
                {},
                {},
                {},
                {},
                {},
                {}
              ]
            },
            "players": [
                {
                    "userId": 1,
                    "username": "username1",
                    "coins": 5,
                    "tokensInHand": 0,
                    "currentTokenBadge": {
                        "tokenBadgeId": 1,
                        "specialPowerName": "Alchemist",
                        "raceName": "Amazons"
                    }
                },
                {}
            ]
        }
    },
    {
        "result": "ok", "statistic": [["region", 1], ["Amazons", 0], ["Alchemist", 2]]
    },


    {
        "result": "ok", "tokenBadgeId": 3
    },
    {
        "result": "ok"
    },
    {
        "result": "ok"
    },
    {
        "result": "ok", "statistic": [["region", 1], ["Elves", 0], ["Bivouacking", 0]]
    },
    {
        "result": "ok",
        "gameState": {
            "activePlayerId": 1,
            "currentTurn": 1,
            "map" : {
              "regions": [
                {},
                {},
                {"currentRegionState": {"tokensNum": 1, "tokenBadgeId": 1, "ownerId": 1 }},
                {},
                {},
                {},
                {},
                {},
                {},
                {},
                {},
                {},
                {"currentRegionState": {"tokensNum": 11, "tokenBadgeId": 3, "ownerId": 2 }},
                {},
                {}
              ]
            },
            "players": [
                {
                    "userId": 1,
                    "username": "username1",
                    "coins": 8,
                    "tokensInHand": 13,
                    "currentTokenBadge": {
                        "tokenBadgeId": 1,
                        "specialPowerName": "Alchemist",
                        "raceName": "Amazons"
                    }
                },
                {}
            ]
        }
    }
]
