[
    {
        "result": "ok"
    },
    {
        "result": "ok", "tokenBadgeId": 1
    },
    {
        "result": "ok",
        "gameState": {
            "activePlayerId": 1,
            "currentTurn": 0,
            "players": [
                {
                    "userId": 1,
                    "username": "username1",
                    "coins": 4,
                    "tokensInHand": 10,
                    "currentTokenBadge": {
                        "tokenBadgeId": 1,
                        "specialPowerName": "Forest",
                        "raceName": "Elves"
                    },
                    "declinedTokenBadge": {}
                },
                {}
            ]
        }
    },
    {
        "result": "ok"
    },
    {
        "result": "ok"
    },
    {
        "result": "ok"
    },
    {
        "result": "ok"
    },                      
    {
        "result": "ok", "coins": 4, "nextPlayer": 2
    },

    {
        "result": "ok"
    },
    {
        "result": "ok"
    },
    {
        "result": "badStage"
    },
    {
        "result": "badRegion"
    },
    {
        "result": "ok"
    },
    {
        "result": "ok"
    },
    {
        "result": "ok"
    },
    {
        "result": "ok", "coins": 2, "nextPlayer": 1
    },

    {
        "result": "ok"
    },
    {
        "result": "ok", "coins": 2, "nextPlayer": 2
    },

    {
        "result": "ok"
    },
    {
        "result": "badStage"
    },
    {
        "result": "ok"
    }
]
