[
    {
        "result": "ok"
    },
    {
        "result": "ok", "tokenBadgeId": 5
    },
    {
        "result": "ok",
        "gameState": {
            "activePlayerId": 1,
            "currentTurn": 0,
            "players": [
                {
                    "userId": 1,
                    "username": "username1",
                    "coins": 1,
                    "tokensInHand": 10,
                    "currentTokenBadge": {
                        "tokenBadgeId": 5,
                        "specialPowerName": "Forest",
                        "raceName": "Halflings"
                    }
                },
                {}
            ]
        }
    },
    {
        "result": "badRegion"
    },
    {
        "result": "badRegion"
    },
    {
        "result": "ok"
    },
    {
        "result": "badRegion"
    },
    {
        "result": "ok"
    },
    {
        "result": "ok"
    },

    {
        "result": "ok",
        "gameState": {
            "map" : {
              "regions": [
                {},
                {},
                {},
                {"currentRegionState": {"tokensNum": 2, "tokenBadgeId": 5, "ownerId": 1 }},
                {},
                {},
                {},
                {"currentRegionState": {"tokensNum": 2, "tokenBadgeId": 5, "ownerId": 1, "holeInTheGround": true }},
                {"currentRegionState": {"tokensNum": 2, "tokenBadgeId": 5, "ownerId": 1, "holeInTheGround": true }},
                {},
                {},
                {},
                {},
                {},
                {}
              ]
            },
            "activePlayerId": 1,
            "currentTurn": 0,
            "players": [
                {
                    "userId": 1,
                    "username": "username1",
                    "coins": 1,
                    "tokensInHand": 4,
                    "currentTokenBadge": {
                        "tokenBadgeId": 5,
                        "specialPowerName": "Forest",
                        "raceName": "Halflings"
                    }
                },
                {}
            ]
        }
    },
    {
        "result": "ok"
    },
    {
        "result": "ok", "statistics":[["Regions", 3], ["Halflings", 0], ["Forest", 1]]
    },
    {
        "result": "ok", "tokenBadgeId": 2
    },
    {
        "result": "ok"
    },
    {
        "result": "ok"
    },
    {
        "result": "regionIsImmune"
    },
    {
        "result": "regionIsImmune"
    },
    {
        "result": "ok"
    },
    {
        "result": "ok", "statistics":[["Regions", 2], ["Giants", 0], ["Alchemist", 2]]
    },
    {
        "result": "ok"
    },
    {
        "result": "ok"
    },
    {
        "result": "ok", "statistics":[["Regions", 3], ["Halflings", 0], ["Forest", 1]]
    },
    {
        "result": "ok"
    },
    {
        "result": "ok"
    },
    {
        "result": "ok"
    },
    {
        "result": "ok"
    },
    {
        "result": "ok", "statistics":[["Regions", 5], ["Giants", 0], ["Alchemist", 2]]
    },
    {
        "result": "ok"
    },
    {
        "result": "ok", "statistics":[["Regions", 1], ["Halflings", 0], ["Forest", 0]]
    },
    {
        "result": "ok"
    }
]
