[
    {
        "result": "ok"
    },
    {
        "result": "ok", "tokenBadgeId": 2
    },
    {
        "result": "ok",
        "gameState": {
            "activePlayerId": 1,
            "currentTurn": 0,
            "players": [
                {
                    "userId": 1,
                    "username": "username1",
                    "coins": 3,
                    "tokensInHand": 11,
                    "currentTokenBadge": {
                        "tokenBadgeId": 2,
                        "specialPowerName": "Bivouacking",
                        "raceName": "Skeletons"
                    },               
                    "declinedTokenBadge": {}
                },
                {}
            ]
        }
    },
    {
        "result": "ok"
    },
    {
        "result": "ok"
    },
    {
        "result": "ok"
    },
    {
        "result": "ok"
    },
    {
        "result": "ok"
    },
    {
        "result": "ok"
    },
    {
        "result": "ok", "nextPlayer": 2, "coins": 5
    },
    {
        "result": "ok",
        "gameState": {
            "map" : {
              "regions": [
                {},
                {},
                {},
                {},
                {},
                {},
                {"currentRegionState": {"tokensNum": 5, "tokenBadgeId": 2, "ownerId": 1 }},
                {"currentRegionState": {"tokensNum": 5, "tokenBadgeId": 2, "ownerId": 1 }},
                {},
                {},
                {"currentRegionState": {"tokensNum": 1, "tokenBadgeId": 2, "ownerId": 1 }},
                {"currentRegionState": {"tokensNum": 1, "tokenBadgeId": 2, "ownerId": 1 }},
                {"currentRegionState": {"tokensNum": 1, "tokenBadgeId": 2, "ownerId": 1 }},
                {},
                {}
              ]
            },
            "activePlayerId": 2,
            "currentTurn": 0,
            "players": [
                {
                    "userId": 1,
                    "username": "username1",
                    "coins": 8,
                    "tokensInHand": 0
                },
                {}
            ]
        }
    },
    {
        "result": "ok", "tokenBadgeId": 1
    },

    {
        "result": "ok"
    },
    {
        "result": "ok"
    },
    {
        "result": "ok", "nextPlayer": 1, "coins": 3
    },

    {
        "result": "ok"
    },
    {
        "result": "ok"
    },
    {
        "result": "ok"
    },
    {
        "result": "ok", "nextPlayer": 2, "coins": 1
    },

    {
        "result": "ok"
    },
    {
        "result": "ok"
    },
    {
        "result": "ok", "nextPlayer": 1, "coins": 3
    },

    {
        "result": "ok"
    },
    {
        "result": "ok"
    },
    {
        "result": "ok"
    },
    {
        "result": "ok"
    },
    {
        "result": "ok"
    },
    {
        "result": "ok"
    },
    {
        "result": "ok"
    },
    {
        "result": "ok", "nextPlayer": 2, "coins": 1
    },

    {
        "result": "ok"
    },
    {
        "result": "ok"
    },
    {
        "result": "ok"
    },
    {
        "result": "ok"
    },
    {
        "result": "ok", "nextPlayer": 1, "coins": 3
    },

    {
        "result": "ok"
    },
    {
        "result": "ok"
    },
    {
        "result": "ok"
    },
    {
        "result": "ok"
    },
    {
        "result": "ok"
    },
    {
        "result": "ok"
    },
    {
        "result": "ok"
    },
    {
        "result": "ok"
    },
    {
        "result": "badTokensNum"
    },
    {
        "result": "ok"
    },
    {
        "result": "ok", "nextPlayer": 2, "coins": 1
    },

    {
        "result": "ok"
    },
    {
        "result": "ok"
    },
    {
        "result": "ok", "nextPlayer": 1, "coins": 3
    }
]
