[
    {
        "result": "ok"
    },
    {
        "result": "ok", "tokenBadgeId": 2
    },
    {
        "result": "ok",
        "gameState": {
            "activePlayerId": 1,
            "currentTurn": 0,
            "players": [
                {
                    "userId": 1,
                    "username": "username1",
                    "coins": 4,
                    "tokensInHand": 9,
                    "currentTokenBadge": {
                        "tokenBadgeId": 2,
                        "specialPowerName": "Alchemist",
                        "raceName": "Trolls"
                    }
                },
                {}
            ]
        }
    },
    {
        "result": "ok"
    },
    {
        "result": "ok"
    },
    {
        "result": "ok"
    },
    {
        "result": "ok"
    },
    {
        "result": "ok",
        "gameState": {
            "activePlayerId": 1,
            "currentTurn": 0,
            "map" : {
              "regions": [
                {},
                {},
                {},
                {},
                {},
                {"currentRegionState": {"tokensNum": 3, "tokenBadgeId": 2, "ownerId": 1, "lair": 1 }},
                {"currentRegionState": {"tokensNum": 2, "tokenBadgeId": 2, "ownerId": 1, "lair": 1 }},
                {"currentRegionState": {"tokensNum": 2, "tokenBadgeId": 2, "ownerId": 1, "lair": 1 }},
                {},
                {},
                {"currentRegionState": {"tokensNum": 2, "tokenBadgeId": 2, "ownerId": 1, "lair": 1 }},
                {},
                {},
                {},
                {}
              ]
            },
            "players": [
                {
                    "userId": 1,
                    "username": "username1",
                    "coins": 4,
                    "tokensInHand": 0,
                    "currentTokenBadge": {
                        "tokenBadgeId": 2,
                        "specialPowerName": "Alchemist",
                        "raceName": "Trolls"
                    }
                },
                {}
            ]
        }
    },
    {
        "result": "ok"
    },
    {
        "result": "ok", "statistic": [["region", 3], ["Trolls", 0], ["Alchemist", 2]]
    },

    {
        "result": "ok", "tokenBadgeId": 3
    },
    {
        "result": "ok"
    },
    {
        "result": "ok",
        "gameState": {
            "activePlayerId": 2,
            "currentTurn": 0,
            "players": [
                {},
                {
                    "userId": 2,
                    "username": "username2",
                    "coins": 4,
                    "tokensInHand": 11,
                    "currentTokenBadge": {
                        "tokenBadgeId": 3,
                        "specialPowerName": "Bivouacking",
                        "raceName": "Ratmen"
                    }
                }
            ]
        }
    },
    {
        "result": "ok"
    },
    {
        "result": "ok",
        "gameState": {
            "activePlayerId": 2,
            "currentTurn": 0,
            "players": [
                {},
                {
                    "userId": 2,
                    "username": "username2",
                    "coins": 4,
                    "tokensInHand": 9,
                    "currentTokenBadge": {
                        "tokenBadgeId": 3,
                        "specialPowerName": "Bivouacking",
                        "raceName": "Ratmen"
                    }
                }
            ]
        }
    },
    {
        "result": "ok"
    },
    {
        "result": "ok",
        "gameState": {
            "activePlayerId": 2,
            "defendingInfo": {
              "regionId": 7,
              "playerId": 1,
              "tokensNum": 2
            },
            "currentTurn": 0,
            "players": [
                {
                    "userId": 1,
                    "username": "username1",
                    "tokensInHand": 0,
                    "currentTokenBadge": {
                        "tokenBadgeId": 2,
                        "specialPowerName": "Alchemist",
                        "raceName": "Trolls"
                    }
                },
                {
                    "userId": 2,
                    "username": "username2",
                    "coins": 4,
                    "tokensInHand": 3,
                    "currentTokenBadge": {
                        "tokenBadgeId": 3,
                        "specialPowerName": "Bivouacking",
                        "raceName": "Ratmen"
                    }
                }
            ]
        }
    },
    {
        "result": "ok"
    },
    {
        "result": "ok"
    },
    {
        "result": "ok", "statistic": [["region", 3], ["Ratmen", 0], ["Bivouacking", 0]]
    },

    {
        "result": "ok"
    },
    {
        "result": "ok", "statistic": [["region", 2], ["Trolls", 0], ["Alchemist", 0]]
    },
    {
        "result": "ok"
    },
    {
        "result": "ok",
        "gameState": {
            "activePlayerId": 2,
            "currentTurn": 1,
            "players": [
                {
                    "userId": 1,
                    "username": "username1",
                    "currentTokenBadge": {},
                    "declinedTokenBadge": {
                        "tokenBadgeId": 2,
                        "specialPowerName": "Alchemist",
                        "raceName": "Trolls"
                    }
                },
                {
                    "userId": 2,
                    "username": "username2",
                    "coins": 7,
                    "tokensInHand": 5,
                    "currentTokenBadge": {
                        "tokenBadgeId": 3,
                        "specialPowerName": "Bivouacking",
                        "raceName": "Ratmen"
                    }
                }
            ]
        }
    },
    {
        "result": "ok"
    },
    {
        "result": "ok", "statistic": [["region", 4], ["Ratmen", 0], ["Bivouacking", 0]]
    },

    {
        "result": "ok", "tokenBadgeId": 7
    },
    {
        "result": "ok",
        "gameState": {
            "activePlayerId": 1,
            "currentTurn": 2,
            "players": [
                {
                    "userId": 1,
                    "username": "username1",
                    "tokensInHand": 10,
                    "currentTokenBadge": {
                        "tokenBadgeId": 7,
                        "specialPowerName": "DragonMaster",
                        "raceName": "Orcs"
                    },
                    "declinedTokenBadge": {
                        "tokenBadgeId": 2,
                        "specialPowerName": "Alchemist",
                        "raceName": "Trolls"
                    }
                },
                {
                    "userId": 2,
                    "username": "username2",
                    "coins": 11,
                    "tokensInHand": 0,
                    "currentTokenBadge": {
                        "tokenBadgeId": 3,
                        "specialPowerName": "Bivouacking",
                        "raceName": "Ratmen"
                    }
                }
            ]
        }
    },
    {
        "result": "ok"
    },
    {
        "result": "ok",
        "gameState": {
            "activePlayerId": 1,
            "currentTurn": 2,
            "players": [
                {
                    "userId": 1,
                    "username": "username1",
                    "tokensInHand": 6,
                    "currentTokenBadge": {
                        "tokenBadgeId": 7,
                        "specialPowerName": "DragonMaster",
                        "raceName": "Orcs"
                    },
                    "declinedTokenBadge": {
                        "tokenBadgeId": 2,
                        "specialPowerName": "Alchemist",
                        "raceName": "Trolls"
                    }
                },
                {}
            ]
        }
    }
]
