[
    {
        "result": "ok"
    },
    {
        "result": "ok", "tokenBadgeId": 2
    },
    {
        "result": "ok",
        "gameState": {
            "activePlayerId": 1,
            "currentTurn": 0,
            "players": [
                {
                    "userId": 1,
                    "username": "username1",
                    "coins": 4,
                    "tokensInHand": 9,
                    "currentTokenBadge": {
                        "tokenBadgeId": 2,
                        "specialPowerName": "Alchemist",
                        "raceName": "Wizards"
                    },
                    "declinedTokenBadge": {}
                },
                {}
            ]
        }
    },
    {
        "result": "ok"
    },
    {
        "result": "ok"
    },
    {
        "result": "ok"
    },
    {
        "result": "ok", "coins": 4, "nextPlayer": 2
    },

    {
        "result": "ok"
    },
    {
        "result": "ok"
    },
    {
        "result": "ok"
    },
    {
        "result": "ok", "coins": 1, "nextPlayer": 1
    },

    {
        "result": "ok"
    },
    {
        "result": "ok", "coins": 2, "nextPlayer": 2
    }

]
