[
    {
        "result": "ok"
    },
    {
        "result": "ok", "tokenBadgeId": 3
    },
    {
        "result": "ok",
        "gameState": {
            "activePlayerId": 1,
            "currentTurn": 0,
            "players": [
                {
                    "userId": 1,
                    "username": "username1",
                    "coins": 3,
                    "tokensInHand": 10,
                    "currentTokenBadge": {
                        "tokenBadgeId": 3,
                        "specialPowerName": "Bivouacking",
                        "raceName": "Trolls"
                    }
                },
                {}
            ]
        }
    },
    {
        "result": "ok"
    },
    {
        "result": "ok"
    },
    {
        "result": "ok"
    },
    {
        "result": "ok"
    },
    {
        "result": "badTokensNum", "dice": 0
    },
    {
        "result": "badRegionId"
    },
    {
        "result": "badRegionId"
    },
    {
        "result": "badRegion"
    },
    {
        "result": "notEnoughEncampmentsForRedeployment"
    },
    {
        "result": "badEncampmentsNum"
    },
    {
        "result": "badEncampmentsNum"
    },
    {
        "result": "badRegion"
    },
    {
        "result": "ok"
    },
    {
        "result": "ok",
        "gameState": {
            "map" : {
              "regions": [
                {},
                {},
                {},
                {},
                {},
                {"currentRegionState": {"tokensNum": 3, "tokenBadgeId": 3, "ownerId": 1, "encampment": 3 }},
                {"currentRegionState": {"tokensNum": 4, "tokenBadgeId": 3, "ownerId": 1, "encampment": 1 }},
                {},
                {},
                {},
                {},
                {"currentRegionState": {"tokensNum": 3, "tokenBadgeId": 3, "ownerId": 1, "encampment": 1 }},
                {},
                {},
                {}
              ]
            },
            "activePlayerId": 1,
            "currentTurn": 0,
            "players": [
                {
                    "userId": 1,
                    "username": "username1",
                    "coins": 3,
                    "tokensInHand": 0
                },
                {}
            ]
        }
    },
    {
        "result": "ok", "statistic":[["region", 3], ["Trolls", 0], ["Bivouacking", 0]]
    },
    {
        "result": "ok", "tokenBadgeId": 2
    },
    {
        "result": "ok"
    },
    {
        "result": "ok"
    },
    {
        "result": "ok",
        "gameState": {
            "map" : {
              "regions": [
                {},
                {},
                {},
                {},
                {},
                {"currentRegionState": {"tokensNum": 5, "tokenBadgeId": 3, "ownerId": 1, "encampment": 3 }},
                {"currentRegionState": {"tokensNum": 4, "tokenBadgeId": 3, "ownerId": 1, "encampment": 1 }},
                {},
                {},
                {},
                {},
                {"currentRegionState": {"tokensNum": 7, "tokenBadgeId": 2, "ownerId": 2 }},
                {},
                {},
                {}
              ]
            }
        }
    },
    {
        "result": "badStage"
    },
    {
        "result": "ok"
    },
    {
        "result": "ok"
    },
    {
        "result": "ok", "statistic":[["region", 2], ["Wizards", 0], ["Alchemist", 2]]
    },

    {
        "result": "ok"
    },
    {
        "result": "ok",
        "gameState": {
            "map" : {
              "regions": [
                {},
                {},
                {},
                {},
                {},
                {"currentRegionState": {"tokensNum": 1, "tokenBadgeId": 3, "ownerId": 1, "encampment": 3 }},
                {"currentRegionState": {"tokensNum": 1, "tokenBadgeId": 3, "ownerId": 1, "encampment": 1 }},
                {},
                {},
                {},
                {},
                {"currentRegionState": {"tokensNum": 3, "tokenBadgeId": 3, "ownerId": 1 }},
                {"currentRegionState": {"tokensNum": 8, "tokenBadgeId": 2, "ownerId": 2 }},
                {},
                {}
              ]
            }
        }
    },
    {
        "result": "ok"
    },
    {
        "result": "ok", "statistic":[["region", 3], ["Trolls", 0], ["Bivouacking", 0]]
    },

    {
        "result": "ok"
    },
    {
        "result": "ok"
    },
    {
        "result": "ok", "statistic":[["region", 2], ["Wizards", 0], ["Alchemist", 2]]
    },

    {
        "result": "ok"
    },
    {
        "result": "ok", "statistic":[["region", 3], ["Trolls", 0], ["Bivouacking", 0]]
    },
    {
        "result": "ok"
    },
    {
        "result": "badTokensNum", "dice": 0
    },
    {
        "result": "ok",
        "gameState": {
            "map" : {
              "regions": [
                {},
                {},
                {},
                {},
                {},
                {"currentRegionState": {"tokensNum": 1, "tokenBadgeId": 3, "ownerId": 1, "inDecline": 1 }},
                {"currentRegionState": {"tokensNum": 4, "tokenBadgeId": 2, "ownerId": 2 }},
                {"currentRegionState": {"tokensNum": 1, "tokenBadgeId": 2, "ownerId": 2 }},
                {},
                {},
                {},
                {"currentRegionState": {"tokensNum": 1, "tokenBadgeId": 3, "ownerId": 1, "inDecline": 1 }},
                {"currentRegionState": {"tokensNum": 1, "tokenBadgeId": 2, "ownerId": 2 }},
                {},
                {}
              ]
            }
        }
    }
]
