[
    {
        "result": "ok"
    },
    {
        "result": "badStage"
    },
    {
        "result": "ok", "tokenBadgeId": 6
    },
    {
        "result": "ok",
        "gameState": {
            "activePlayerId": 1,
            "currentTurn": 0,
            "players": [
                {
                    "userId": 1,
                    "username": "username1",
                    "coins": 0,
                    "tokensInHand": 10,
                    "currentTokenBadge": {
                        "tokenBadgeId": 6,
                        "specialPowerName": "Diplomat",
                        "raceName": "Orcs"
                    }
                },
                {}
            ]
        }
    },
    {
        "result": "ok"
    },
    {
        "result": "badStage"
    },
    {
        "result": "ok"
    },
    {
        "result": "ok"
    },
    {
        "result": "badUserSid"
    },
    {
        "result": "badUserSid"
    },
    {
        "result": "notInGame"
    },
    {
        "result": "badStage"
    },
    {
        "result": "badFriendId"
    },
    {
        "result": "badFriendId"
    },
    {
        "result": "badFriend"
    },
    {
        "result": "ok"
    },
    {
        "result": "ok", "statistic":[["region", 2], ["Orcs", 2], ["Diplomat", 0]]
    },

    {
        "result": "ok", "tokenBadgeId": 2
    },
    {
        "result": "badRegion"
    },
    {
        "result": "ok"
    },
    {
        "result": "ok"
    },
    {
        "result": "ok"
    },
    {
        "result": "ok"
    },
    {
        "result": "ok", "statistic":[["region", 3], ["Wizards", 1], ["Alchemist", 2]]
    },

    {
        "result": "ok"
    },
    {
        "result": "ok"
    },
    {
        "result": "badFriend"
    },
    {
        "result": "ok", "statistic":[["region", 3], ["Orcs", 1], ["Diplomat", 0]]
    },

    {
        "result": "ok"
    }


]
