[
    {
        "result": "ok"
    },
    {
        "result": "ok", "tokenBadgeId": 2
    },
    {
        "result": "ok"
    },
    {
        "result": "ok"
    },
    {
        "result": "ok"
    },
    {
        "result": "ok"
    },
    {
        "result": "ok", "statistics":[["Regions", 3], ["Wizards", 1], ["Alchemist", 2]]
    },

    {
        "result": "ok", "tokenBadgeId": 4
    },
    {
        "result": "ok"
    },
    {
        "result": "ok"
    },
    {
        "result": "ok"
    },
    {
        "result": "ok", "statistics":[["Regions", 2], ["Giants", 0], ["Commando", 0]]
    },

    {
        "result": "ok"
    },
    {
        "result": "ok", "statistics":[["Regions", 3], ["Wizards", 0], ["Alchemist", 0]]
    },

    {
        "result": "ok"
    },
    {
        "result": "ok", "statistics":[["Regions", 2], ["Giants", 0], ["Commando", 0]]
    },

    {
        "result": "ok", "tokenBadgeId": 6
    },
    {
        "result": "ok"
    },
    {
        "result": "ok"
    },
    {
        "result": "ok"
    },
    {
        "result": "ok"
    },
    {
        "result": "ok", "statistics":[["Regions", 5], ["Orcs", 2], ["Diplomat", 0], ["Wizards", 0], ["Alchemist", 0]]
    },

    {
        "result": "ok", "tokenBadgeId": 3
    },
    {
        "result": "ok"
    },
    {
        "result": "badRegion"
    }
]
