[
    {
        "result": "ok"
    },
    {
        "result": "ok", "tokenBadgeId": 2
    },
    {
        "result": "ok"
    },
    {
        "result": "ok"
    },
    {
        "result": "ok"
    },
    {
        "result": "ok"
    },
    {
        "result": "ok", "coins":6, "nextPlayer": 2
    },

    {
        "result": "ok", "tokenBadgeId": 4
    },
    {
        "result": "ok"
    },
    {
        "result": "ok"
    },
    {
        "result": "ok"
    },
    {
        "result": "ok", "coins":2, "nextPlayer": 1
    },

    {
        "result": "ok"
    },
    {
        "result": "ok", "coins":3, "nextPlayer": 2
    },

    {
        "result": "ok"
    },
    {
        "result": "ok", "coins":2, "nextPlayer": 1
    },

    {
        "result": "ok", "tokenBadgeId": 6
    },
    {
        "result": "ok"
    },
    {
        "result": "ok"
    },
    {
        "result": "ok"
    },
    {
        "result": "ok"
    },
    {
        "result": "ok", "coins":7, "nextPlayer": 2
    },

    {
        "result": "ok", "tokenBadgeId": 3
    },
    {
        "result": "ok"
    },
    {
        "result": "badRegion"
    }
]
