[
    {
        "result": "ok"
    },
    {
        "result": "ok", "tokenBadgeId": 4
    },
    {
        "result": "ok",
        "gameState": {
            "activePlayerId": 1,
            "currentTurn": 0,
            "players": [
                {
                    "userId": 1,
                    "username": "username1",
                    "tokensInHand": 11,
                    "currentTokenBadge": {
                        "tokenBadgeId": 4,
                        "specialPowerName": "Flying",
                        "raceName": "Giants"
                    },
                    "declinedTokenBadge": {}
                },
                {}
            ]
        }
    },
    {
        "result": "badRegion"
    },
    {
        "result": "ok"
    },
    {
        "result": "ok"
    },
    {
        "result": "badRegion"
    },
    {
        "result": "badRegion"
    },
    {
        "result": "ok"
    },
    {
        "result": "ok"
    },
    {
        "result": "badRegion", "dice": 0
    },
    {
        "result": "ok"
    },
    {
        "result": "ok", "coins": 4, "nextPlayer": 2
    }
]
