[
    {
        "result": "ok"
    },
    {
        "result": "ok", "tokenBadgeId": 1
    },
    {
        "result": "ok"
    },
    {
        "result": "ok"
    },
    {
        "result": "badRegion"
    },
    {
        "result": "badRegionId"
    },
    {
        "result": "badRegionId"
    },
    {
        "result": "ok"
    },
    {
        "result": "ok", "coins": 2, "nextPlayer": 2
    },

    {
        "result": "ok", "tokenBadgeId": 4
    },
    {
        "result": "ok"
    },
    {
        "result": "badStage"
    },
    {
        "result": "ok"
    },
    {
        "result": "ok", "coins": 3, "nextPlayer": 1
    },

    {
        "result": "tooManyFortifiedsInRegion"
    },
    {
        "result": "ok"
    },
    {
        "result": "ok"
    },
    {
        "result": "ok", "coins": 4, "nextPlayer": 2
    },

    {
        "result": "ok",
        "gameState": {
            "activePlayerId": 2,
            "currentTurn": 1,
            "map" : {
              "regions": [
                {},
                {},
                {"currentRegionState": {"tokensNum": 1, "tokenBadgeId": 4, "ownerId": 2 }},
                {},
                {},
                {},
                {},
                {},
                {},
                {},
                {},
                {"currentRegionState": {"tokensNum": 6, "tokenBadgeId": 1, "ownerId": 1, "fortified": 1 }},
                {"currentRegionState": {"tokensNum": 3, "tokenBadgeId": 1, "ownerId": 1, "fortified": 1 }},
                {},
                {}
              ]
            },
            "players": [
                {
                    "userId": 1,
                    "username": "username1",
                    "tokensInHand": 0,
                    "currentTokenBadge": {
                        "tokenBadgeId": 1,
                        "specialPowerName": "Fortified",
                        "raceName": "Tritons"
                    }
                },
                {
                    "userId": 2,
                    "username": "username2",
                    "tokensInHand": 9,
                    "currentTokenBadge": {
                        "tokenBadgeId": 4,
                        "specialPowerName": "Alchemist",
                        "raceName": "Giants"
                    }
                }
            ]
        }
    },
    {
        "result": "ok"
    },
    {
        "result": "ok"
    },
    {
        "result": "ok",
        "gameState": {
            "activePlayerId": 2,
            "defendingInfo": {
              "regionId": 13,
              "playerId": 1,
              "tokensNum": 2
            },
            "currentTurn": 1,
            "map" : {
              "regions": [
                {},
                {},
                {"currentRegionState": {"tokensNum": 1, "tokenBadgeId": 4, "ownerId": 2 }},
                {},
                {},
                {},
                {},
                {"currentRegionState": {"tokensNum": 2, "tokenBadgeId": 4, "ownerId": 2 }},
                {},
                {},
                {},
                {"currentRegionState": {"tokensNum": 6, "tokenBadgeId": 1, "ownerId": 1, "fortified": 1 }},
                {"currentRegionState": {"tokensNum": 6, "tokenBadgeId": 4, "ownerId": 2 }},
                {},
                {}
              ]
            },
            "players": [
                {
                    "userId": 1,
                    "username": "username1",
                    "tokensInHand": 0,
                    "currentTokenBadge": {
                        "tokenBadgeId": 1,
                        "specialPowerName": "Fortified",
                        "raceName": "Tritons"
                    }
                },
                {
                    "userId": 2,
                    "username": "username2",
                    "tokensInHand": 1,
                    "currentTokenBadge": {
                        "tokenBadgeId": 4,
                        "specialPowerName": "Alchemist",
                        "raceName": "Giants"
                    }
                }
            ]
        }
    },
    {
        "result": "ok"
    },
    {
        "result": "ok"
    },
    {
        "result": "ok", "coins": 5, "nextPlayer": 1
    },

    {
        "result": "ok"
    },

    {
        "result": "ok",
        "gameState": {
            "activePlayerId": 1,
            "currentTurn": 2,
            "map" : {
              "regions": [
                {},
                {},
                {"currentRegionState": {"tokensNum": 3, "tokenBadgeId": 4, "ownerId": 2 }},
                {},
                {},
                {},
                {},
                {"currentRegionState": {"tokensNum": 3, "tokenBadgeId": 4, "ownerId": 2 }},
                {},
                {},
                {},
                {"currentRegionState": {"tokensNum": 1, "tokenBadgeId": 1, "ownerId": 1, "fortified": 1, "inDecline": 1}},
                {"currentRegionState": {"tokensNum": 4, "tokenBadgeId": 4, "ownerId": 2 }},
                {},
                {}
              ]
            }
        }
    },
    {
        "result": "ok", "coins": 1, "nextPlayer": 2
    }
]
