[
    {
        "result": "ok"
    },
    {
        "result": "ok", "tokenBadgeId": 1
    },
    {
        "result": "ok"
    },
    {
        "result": "ok"
    },
    {
        "result": "ok"
    },
    {
        "result": "badRegion"
    },
    {
        "result": "badRegionId"
    },
    {
        "result": "badSetHeroCommand"
    },
    {
        "result": "badSetHeroCommand"
    },
    {
        "result": "ok"
    },
    {
        "result": "ok", "statistics":[["Regions", 1], ["Tritons", 0], ["Heroic", 0]]
    },

    {
        "result": "ok", "tokenBadgeId": 3
    },
    {
        "result": "regionIsImmune"
    },
    {
        "result": "regionIsImmune"
    },
    {
        "result": "ok"
    },
    {
        "result": "badStage"
    },
    {
        "result": "ok"
    },
    {
        "result": "ok", "statistics":[["Regions", 1], ["Trolls", 0], ["DragonMaster", 0]]
    },

    {
        "result": "ok"
    },
    {
        "result": "ok"
    },
    {
        "result": "ok"
    },
    {
        "result": "ok", "statistics":[["Regions", 3], ["Tritons", 0], ["Heroic", 0]]
    },

    {
        "result": "ok"
    },
    {
        "result": "regionIsImmune"
    },
    {
        "result": "ok"
    },
    {
        "result": "ok"
    },
    {
        "result": "ok"
    },
    {
        "result": "ok", "statistics":[["Regions", 1], ["Trolls", 0], ["DragonMaster", 0]]
    },

    {
        "result": "ok"
    },
    {
        "result": "ok", "statistics":[["Regions", 2], ["Tritons", 0], ["Heroic", 0]]
    },

    {
        "result": "ok"
    },
    {
        "result": "ok"
    }
]
