[
    {
        "result": "ok"
    },
    {
        "result": "ok", "tokenBadgeId": 3
    },
    {
        "result": "ok"
    },
    {
        "result": "ok"
    },
    {
        "result": "ok", "statistics":[["Regions", 1], ["Trolls", 0], ["Alchemist", 2]]
    },

    {
        "result": "ok", "tokenBadgeId": 1
    },
    {
        "result": "ok"
    },
    {
        "result": "ok"
    },
    {
        "result": "ok", "statistics":[["Regions", 1], ["Tritons", 0], ["Berserk", 0]]
    },

    {
        "result": "ok"
    },
    {
        "result": "ok", "statistics":[["Regions", 1], ["Trolls", 0], ["Alchemist", 0]]
    },

    {
        "result": "ok"
    },
    {
        "result": "ok"
    },
    {
        "result": "ok", "statistics":[["Regions", 2], ["Tritons", 0], ["Berserk", 0]]
    },

    {
        "result": "ok", "tokenBadgeId": 5
    },
    {
        "result": "ok"
    },
    {
        "result": "ok"
    },
    {
        "result": "ok"
    },
    {
        "result": "ok", "statistics":[["Regions", 3], ["Ratmen", 0], ["Hill", 1], ["Trolls", 0], ["Alchemist", 0]]
    }
]
