[
    {
        "result": "ok"
    },
    {
        "result": "ok", "tokenBadgeId": 3
    },
    {
        "result": "ok"
    },
    {
        "result": "ok"
    },
    {
        "result": "ok", "coins": 3, "nextPlayer": 2
    },

    {
        "result": "ok", "tokenBadgeId": 1
    },
    {
        "result": "ok"
    },
    {
        "result": "ok"
    },
    {
        "result": "ok", "coins": 1, "nextPlayer": 1
    },

    {
        "result": "ok"
    },
    {
        "result": "ok", "coins": 1, "nextPlayer": 2
    },

    {
        "result": "ok"
    },
    {
        "result": "ok"
    },
    {
        "result": "ok", "coins": 2, "nextPlayer": 1
    },

    {
        "result": "ok", "tokenBadgeId": 5
    },
    {
        "result": "ok"
    },
    {
        "result": "ok"
    },
    {
        "result": "ok"
    },
    {
        "result": "ok", "coins": 5, "nextPlayer": 2
    }
]
