[
    {
        "result": "ok"
    },
    {
        "result": "ok", "tokenBadgeId": 2
    },
    {
        "result": "ok"
    },
    {
        "result": "ok"
    },
    {
        "result": "ok"
    },
    {
        "result": "ok"
    },
    {
        "result": "ok",
        "gameState": {
            "activePlayerId": 1,
            "currentTurn": 0,
            "map" : {
              "regions": [
                {},
                {},
                {},
                {},
                {},
                {"currentRegionState": {"tokensNum": 3, "tokenBadgeId": 2, "ownerId": 1 }},
                {"currentRegionState": {"tokensNum": 1, "tokenBadgeId": 2, "ownerId": 1 }},
                {"currentRegionState": {"tokensNum": 1, "tokenBadgeId": 2, "ownerId": 1 }},
                {},
                {},
                {"currentRegionState": {"tokensNum": 1, "tokenBadgeId": 2, "ownerId": 1 }},
                {},
                {},
                {},
                {}
              ]
            },
            "players": [
                {
                    "userId": 1,
                    "username": "username1",
                    "tokensInHand": 5,
                    "currentTokenBadge": {
                        "tokenBadgeId": 2,
                        "specialPowerName": "Mounted",
                        "raceName": "Giants"
                    },
                    "declinedTokenBadge": {}
                },
                {}
            ]
        }
    }
]
