[
    {
        "result": "ok"
    },
    {
        "result": "ok", "tokenBadgeId": 6
    },
    {
        "result": "ok"
    },
    {
        "result": "ok"
    },
    {
        "result": "ok"
    },
    {
        "result": "ok"
    },
    {
        "result": "ok"
    },
    {
        "result": "ok", "coins": 9, "nextPlayer": 2
    },
    {
        "result": "ok", "tokenBadgeId": 3
    },
    {
        "result": "ok"
    },
    {
        "result": "ok"
    },
    {
        "result": "ok", "coins": 2, "nextPlayer": 1
    },

    {
        "result": "ok"
    },
    {
        "result": "ok", "coins": 3, "nextPlayer": 2
    }
]
