[
    {
        "result": "ok"
    },
    {
        "result": "ok", "tokenBadgeId": 6
    },
    {
        "result": "ok"
    },
    {
        "result": "ok"
    },
    {
        "result": "ok"
    },
    {
        "result": "ok"
    },
    {
        "result": "ok"
    },
    {
        "result": "ok", "statistics":[["Regions", 3], ["Orcs", 3], ["Pillaging", 3]]
    },
    {
        "result": "ok", "tokenBadgeId": 3
    },
    {
        "result": "ok"
    },
    {
        "result": "ok"
    },
    {
        "result": "ok", "statistics":[["Regions", 1], ["Wizards", 0], ["Merchant", 1]]
    },

    {
        "result": "ok"
    },
    {
        "result": "ok", "statistics":[["Regions", 3], ["Orcs", 0], ["Pillaging", 0]]
    }
]
