[
    {
        "result": "ok"
    },
    {
        "result": "ok", "tokenBadgeId": 4
    },
    {
        "result": "ok"
    },
    {
        "result": "ok"
    },
    {
        "result": "ok"
    },
    {
        "result": "ok", "statistics":[["Regions", 2], ["Trolls", 0], ["Swamp", 1]]
    },

    {
        "result": "ok", "tokenBadgeId": 2
    },
    {
        "result": "ok"
    },
    {
        "result": "ok"
    },
    {
        "result": "ok", "statistics":[["Regions", 1], ["Giants", 0], ["Berserk", 0]]
    },

    {
        "result": "ok"
    },
    {
        "result": "ok"
    },
    {
        "result": "ok", "statistics":[["Regions", 2], ["Trolls", 0], ["Swamp", 0]]
    }
]
