[
    {
        "result": "ok"
    },
    {
        "result": "ok", "tokenBadgeId": 5
    },
    {
        "result": "ok"
    },
    {
        "result": "ok"
    },
    {
        "result": "ok"
    },
    {
        "result": "ok", "coins": 9, "nextPlayer": 2
    },

    {
        "result": "ok", "tokenBadgeId": 2
    },
    {
        "result": "ok"
    },
    {
        "result": "ok"
    },
    {
        "result": "ok", "coins": 1, "nextPlayer": 1
    },

    {
        "result": "ok"
    },
    {
        "result": "ok"
    },
    {
        "result": "ok", "coins": 2, "nextPlayer": 2
    }
]
