[
    {
        "result": "ok"
    },
    {
        "result": "ok", "tokenBadgeId": 5
    },
    {
        "result": "ok"
    },
    {
        "result": "ok"
    },
    {
        "result": "ok"
    },
    {
        "result": "ok", "statistics":[["Regions", 2], ["Ratmen", 0], ["Wealthy", 7]]
    },

    {
        "result": "ok", "tokenBadgeId": 2
    },
    {
        "result": "ok"
    },
    {
        "result": "ok"
    },
    {
        "result": "ok", "statistics":[["Regions", 1], ["Giants", 0], ["Berserk", 0]]
    },

    {
        "result": "ok"
    },
    {
        "result": "ok"
    },
    {
        "result": "ok", "statistics":[["Regions", 2], ["Ratmen", 0], ["Wealthy", 0]]
    }
]
