[
    {
        "result": "badMapName"
    },
    {
        "result": "badMapName"
    },
    {
        "result": "badPlayersNum"
    },
    {
        "result": "badPlayersNum"
    },
    {
        "result": "badTurnsNum"
    },
    {
        "result": "badTurnsNum"
    },
    {
        "result": "ok",
        "mapId": 1
    },
    {
        "result": "ok",
        "mapId": 2
    },
    {
        "result": "badJson"
    },
    {
        "result": "badAction"
    }
]
