[
    {
        "result": "ok"
    },
    {
        "result": "badUsername"
    },
    {
        "result": "ok"
    },
    {
        "result": "ok"
    },
    {
        "result": "badUsername"
    },
    {
        "result": "badUsername"
    },
    {
        "result": "ok"
    },
    {
        "result": "badUsername"
    },
    {
        "result": "badUsername"
    },
    {
        "result": "badPassword"
    },
    {
        "result": "badPassword"
    },
    {
        "result": "ok"
    },
    {
        "result": "usernameTaken"
    },
    {
        "result": "ok"
    },
    {
        "result": "usernameTaken"
    },
    {
        "result": "badJson"
    },
    {
        "result": "badAction"
    },
    {
        "result": "ok"
    },
    {
        "result": "ok"
    }
]
