[
    {
        "result": "badSid"
    },
    {
        "result": "badJson"
    },
    {
        "result": "badSid"
    },
    {
        "result": "badSid"
    },
    {
        "result": "ok"
    },
    {
        "result": "ok"
    },
    {
        "result": "badJson"
    },
    {
        "result": "badAction"
    }
]
