[
    {
        "result": "ok"
    },
    {
        "result": "ok"
    },
    {
        "result": "ok",
        "sid": 1
    },
    {
        "result": "ok"
    },
    {
        "result": "ok",
        "sid": 2
    },


    {
        "result": "badSid"
    },
    {
        "result": "badMessageText"
    },
    {
        "result": "badSid"
    },
    {
        "result": "badSid"
    },
    {
        "result": "ok"
    },
    {
        "result": "badMessageText"
    },
    {
        "result": "ok"
    },
    {
        "result": "ok"
    },


    {
        "result": "badJson"
    },
    {
        "result": "badAction"
    }
]
