[
    {
        "result": "ok"
    },
    {
        "result": "ok"
    },
    {
        "result": "ok",
        "sid": 1
    },
    {
        "result": "ok"
    },
    {
        "result": "ok",
        "sid": 2
    },
    {
        "result": "ok"
    },


    {
        "result": "badSid"
    },
    {
        "result": "ok",
        "messages": [
          { "userId": 1, "message": "message 1" }
        ]
    },
    {
        "result": "badSid"
    },
    {
        "result": "ok",
        "messages": [
          { "userId": 1, "message": "message 1" }
        ]
    },


    {
        "result": "badJson"
    },
    {
        "result": "badAction"
    }
]
