[
    {
        "result": "ok"
    },
    {
        "result": "ok"
    },
    {
        "result": "ok",
        "sid": 1
    },
    {
        "result": "ok"
    },
    {
        "result": "ok",
        "sid": 2
    },
    {
        "result": "ok"
    },


    {
        "result": "badSince"
    },
    {
        "result": "ok",
        "messages": [
          { "id": 1, "time": 1, "username": "username1", "text": "message 1" }
        ]
    },
    {
        "result": "badSince"
    },
    {
        "result": "ok",
        "messages": []
    },

    {
        "result": "ok"
    },
    {
        "result": "ok"
    },
    {
        "result": "ok",
        "messages": [
          { "id": 2, "time": 2, "username": "username1", "text": "message 2" },
          { "id": 3, "time": 3, "username": "username2", "text": "message 3" }
        ]
    },

    {
        "result": "badJson"
    },
    {
        "result": "badAction"
    }
]
