[
    {
        "result": "badSid"
    },
    {
        "result": "badGameName"
    },
    {
        "result": "badGameName"
    },
    {
        "result": "badGameName"
    },
    {
        "result": "badMapId"
    },
    {
        "result": "badMapId"
    },
    {
        "result": "badSid"
    },
    {
        "result": "ok"
    },
    {
        "result": "badGameDescription"
    },
    {
        "result": "ok"
    },
    {
        "result": "badJson"
    },
    {
        "result": "badAction"
    }
]
