[
    {
        "result": "ok"
    },
    {
        "result": "ok"
    },
    {
        "result": "ok",
        "sid": 1
    },
    {
        "result": "ok"
    },


    {
        "result": "badUserSid"
    },
    {
        "result": "badGameName"
    },
    {
        "result": "badGameName"
    },
    {
        "result": "badGameName"
    },
    {
        "result": "badMapId"
    },
    {
        "result": "badMapId"
    },
    {
        "result": "badUserSid"
    },
    {
        "result": "badGameDescription"
    },
    {
        "result": "ok",
        "gameId": 1
    },
    {
        "result": "alreadyInGame"
    },
    {
        "result": "alreadyInGame"
    },
    {
        "result": "ok"
    },
    {
        "result": "ok",
        "gameId": 2
    },
    {
        "result": "alreadyInGame"
    },


    {
        "result": "badJson"
    },
    {
        "result": "badAction"
    }
]
