[
    {
        "result": "ok"
    },
    {
        "result": "ok",
        "maps": []
    },
    {
        "result": "ok",
        "mapId": 1
    },
    {
        "result": "ok",
        "mapId": 2
    },
    {
        "result": "ok",
        "maps": [ 
          {"mapId" : 1, "mapName": "map 1", "playersNum": 3, "turnsNum": 8},
          {"mapId" : 2, "mapName": "map 2", "playersNum": 2, "turnsNum": 6} 
        ]
    },
    {
        "result": "ok"
    },
    {
        "result": "ok"
    },
    {
        "result": "ok",
        "maps":[
          {"turnsNum": 5, "playersNum": 2, "mapName": "Are you lucky?", "mapId": 1, "picture": "/public/imgs/map_1.png"},
          {"turnsNum": 5, "playersNum": 3, "mapName": "Cheburashka",    "mapId": 2, "picture": "/public/imgs/map_2.png"}
        ]
    }

]
