[
    {
        "result": "ok"
    },
    {
        "result": "ok"
    },
    {
        "result": "ok"
    },
    {
        "result": "ok",
        "sid": 1
    },
    {
        "result": "ok",
        "gameId": 1
    },
    {
        "result": "ok"
    },
    {
        "result": "ok",
        "sid": 2
    },


    {
        "result": "badUserSid"
    },
    {
        "result": "badUserSid"
    },
    {
        "result": "notInGame"
    },
    {
        "result": "ok"
    },
    {
        "result": "ok"
    },
    {
        "result": "ok"
    },
    {
        "result": "ok"
    },
    {
        "result": "ok"
    },
    {
        "result": "ok"
    },
    {
        "result": "alreadyInGame"
    },
    {
        "result": "ok"
    },
    {
        "result": "badGameId"
    },


    {
        "result": "badJson"
    },
    {
        "result": "badAction"
    }
]
