[
    {
        "result": "ok"
    },
    {
        "result": "ok"
    },
    {
        "result": "ok"
    },
    {
        "result": "ok",
        "sid": 1
    },
    {
        "result": "ok",
        "gameId": 1
    },
    {
        "result": "ok"
    },
    {
        "result": "ok",
        "sid": 2
    },
    {
        "result": "ok"
    },
    {
        "result": "ok",
        "sid": 3
    },

    {
        "result": "badUserSid"
    },
    {
        "result": "badReadinessStatus"
    },
    {
        "result": "badReadinessStatus"
    },
    {
        "result": "badUserSid"
    },
    {
        "result": "badReadinessStatus"
    },
    {
        "result": "ok"
    },
    {
        "result": "notInGame"
    },
    {
        "result": "ok"
    },
    {
        "result": "ok"
    },
    {
        "result": "badGameState"
    },
    {
        "result": "badGameState"
    },

    {
        "result": "badJson"
    },
    {
        "result": "badAction"
    }
]
