[
    {
        "result": "ok",
        "gameState": {
            "gameId": 1,
            "gameName": "game1",
            "gameDescription": "description1",
            "currentPlayersNum": 2,
            "activePlayerId": 1,
            "stage": "selectRace",
            "currentTurn": 0,
            "map": {
                "mapId": 1,
                "mapName": "Are you lucky?",
                "turnsNum": 5,
                "playersNum": 2,
                "regions": [
                    {
                        "constRegionState": [ "border", "coast" ],
                        "adjacentRegions": [ 2 ],
                        "currentRegionState": { "tokensNum": 1 }
                    },
                    {
                        "constRegionState": [ "border" ],
                        "adjacentRegions": [ 1 ],
                        "currentRegionState": { "tokensNum": 0 }
                    }
                ]
            },
            "players": [
                {
                    "userId": 1,
                    "username": "username1",
                    "isReady": 1,
                    "priority": 0,
                    "coins": 5,
                    "currentTokenBadge": {}
                },
                {
                    "userId": 2,
                    "username": "username2",
                    "isReady": 1,
                    "priority": 1,
                    "currentTokenBadge": {}
                }
            ],
            "visibleTokenBadges": [
                {
                    "tokenBadgeId": 1,
                    "specialPowerName": "Alchemist",
                    "raceName": "Amazons"
                },
                {
                    "tokenBadgeId": 2,
                    "specialPowerName": "Berserk",
                    "raceName": "Dwarves"
                },
                {
                    "tokenBadgeId": 3,
                    "specialPowerName": "Bivouacking",
                    "raceName": "Elves"
                },
                {
                    "tokenBadgeId": 4,
                    "specialPowerName": "Commando",
                    "raceName": "Giants"
                },
                {
                    "tokenBadgeId": 5,
                    "specialPowerName": "Diplomat",
                    "raceName": "Halflings"
                },
                {
                    "tokenBadgeId": 6,
                    "specialPowerName": "DragonMaster",
                    "raceName": "Humans"
                }
            ]
        }
    },


    {
        "result": "badStage"
    },
    {
        "result": "badStage"
    },
    {
        "result": "badStage"
    },
    {
        "result": "badStage"
    },
    {
        "result": "badStage"
    },
    {
        "result": "badStage"
    },
    {
        "result": "badStage"
    },
    {
        "result": "badStage"
    },

    {
        "result": "ok"
    },
    {
        "result": "ok",
        "gameState": {
            "players": [
                {
                    "userId": 1,
                    "username": "username1",
                    "isReady": 1,
                    "priority": 0,
                    "coins": 5,
                    "tokensInHand": 14,
                    "currentTokenBadge": {
                        "tokenBadgeId": 1,
                        "specialPowerName": "Alchemist",
                        "raceName": "Amazons"
                    }
                },
                {
                    "userId": 2,
                    "username": "username2",
                    "isReady": 1,
                    "priority": 1,
                    "currentTokenBadge": {}
                }
            ],
            "visibleTokenBadges": [
                {
                    "tokenBadgeId": 2,
                    "specialPowerName": "Berserk",
                    "raceName": "Dwarves"
                },
                {
                    "tokenBadgeId": 3,
                    "specialPowerName": "Bivouacking",
                    "raceName": "Elves"
                },
                {
                    "tokenBadgeId": 4,
                    "specialPowerName": "Commando",
                    "raceName": "Giants"
                },
                {
                    "tokenBadgeId": 5,
                    "specialPowerName": "Diplomat",
                    "raceName": "Halflings"
                },
                {
                    "tokenBadgeId": 6,
                    "specialPowerName": "DragonMaster",
                    "raceName": "Humans"
                },
                {
                    "tokenBadgeId": 7,
                    "specialPowerName": "Flying",
                    "raceName": "Orcs"
                }
            ]
        }
    }
]
