[
    {
        "result": "ok",
        "gameState": {
            "gameId": 1,
            "gameName": "game1",
            "gameDescription": "description1",
            "currentPlayersNum": 2,
            "activePlayerId": 1,
            "state": "selectRace",
            "currentTurn": 0,
            "map": {
                "mapId": 1,
                "mapName": "map1",
                "turnsNum": 5,
                "playersNum": 2,
                "regions": [
                    {
                        "constRegionState": [ "border", "coast" ],
                        "adjacentRegions": [ 2 ],
                        "currentRegionState": { "tokensNum": 1 }
                    },
                    {
                        "constRegionState": [ "border" ],
                        "adjacentRegions": [ 1 ],
                        "currentRegionState": { "tokensNum": 0 }
                    }
                ]
            },
            "players": [
                {
                    "userId": 1,
                    "username": "username1",
                    "isReady": 1,
                    "priority": 0,
                    "coins": 5,
                    "currentTokenBadge": {},
                    "declineTokenBadge": {}
                },
                {
                    "userId": 2,
                    "username": "username2",
                    "isReady": 1,
                    "priority": 1,
                    "currentTokenBadge": {},
                    "declineTokenBadge": {}
                }
            ],
            "visibleTokenBadges": [
                {
                    "tokenBadgeId": 0,
                    "specialPowerName": "alchemist",
                    "raceName": "amazons"
                },
                {
                    "tokenBadgeId": 1,
                    "specialPowerName": "berserk",
                    "raceName": "dwarves"
                },
                {
                    "tokenBadgeId": 2,
                    "specialPowerName": "bivouacking",
                    "raceName": "elves"
                },
                {
                    "tokenBadgeId": 3,
                    "specialPowerName": "commando",
                    "raceName": "giants"
                },
                {
                    "tokenBadgeId": 4,
                    "specialPowerName": "diplomat",
                    "raceName": "halflings"
                },
                {
                    "tokenBadgeId": 5,
                    "specialPowerName": "dragonMaster",
                    "raceName": "humans"
                }
            ]
        }
    },


    {
        "result": "badStage"
    },
    {
        "result": "badStage"
    },
    {
        "result": "badStage"
    },
    {
        "result": "badStage"
    },
    {
        "result": "badStage"
    },
    {
        "result": "badStage"
    },
    {
        "result": "badStage"
    },
    {
        "result": "badStage"
    },

    {
        "result": "ok"
    },
    {
        "result": "ok",
        "gameState": {
            "players": [
                {
                    "userId": 1,
                    "username": "username1",
                    "isReady": 1,
                    "priority": 0,
                    "coins": 5,
                    "tokensInHand": 10,
                    "currentTokenBadge": {
                        "tokenBadgeId": 0,
                        "specialPowerName": "alchemist",
                        "raceName": "amazons"
                    },
                    "declineTokenBadge": {}
                },
                {
                    "userId": 2,
                    "username": "username2",
                    "isReady": 1,
                    "priority": 1,
                    "currentTokenBadge": {},
                    "declineTokenBadge": {}
                }
            ],
            "visibleTokenBadges": [
                {
                    "tokenBadgeId": 1,
                    "specialPowerName": "berserk",
                    "raceName": "dwarves"
                },
                {
                    "tokenBadgeId": 2,
                    "specialPowerName": "bivouacking",
                    "raceName": "elves"
                },
                {
                    "tokenBadgeId": 3,
                    "specialPowerName": "commando",
                    "raceName": "giants"
                },
                {
                    "tokenBadgeId": 4,
                    "specialPowerName": "diplomat",
                    "raceName": "halflings"
                },
                {
                    "tokenBadgeId": 5,
                    "specialPowerName": "dragonMaster",
                    "raceName": "humans"
                },
                {
                    "tokenBadgeId": 6,
                    "specialPowerName": "flying",
                    "raceName": "orcs"
                }
            ]
        }
    }
]
