[
    {
        "result": "badStage"
    },
    {
        "result": "badStage"
    },
    {
        "result": "badStage"
    },
    {
        "result": "badStage"
    },
    {
        "result": "badStage"
    },
    {
        "result": "badRegion"
    },
    {
        "result": "badStage"
    },
    {
        "result": "badStage"
    },

    {
        "result": "ok"
    },
    {
        "result": "ok",
        "gameState": {
            "map": {
                "mapId": 1,
                "mapName": "Are you lucky?",
                "turnsNum": 5,
                "playersNum": 2,
                "regions": [
                    {
                        "constRegionState": [ "border", "coast" ],
                        "adjacentRegions": [ 2 ],
                        "currentRegionState": {
                            "tokensNum": 3,
                            "tokenBadgeId": 1,
                            "ownerId": 1
                        }
                    },
                    {
                        "constRegionState": [ "border" ],
                        "adjacentRegions": [ 1 ],
                        "currentRegionState": { "tokensNum": 0 }
                    }
                ]
            },
            "players": [
                {
                    "userId": 1,
                    "username": "username1",
                    "isReady": 1,
                    "priority": 1,
                    "coins": 5,
                    "tokensInHand": 11,
                    "currentTokenBadge": {
                        "tokenBadgeId": 1,
                        "specialPowerName": "Alchemist",
                        "raceName": "Amazons"
                    }
                },
                {
                    "userId": 2,
                    "username": "username2",
                    "isReady": 1,
                    "priority": 2,
                    "currentTokenBadge": {}
                }
            ]
        }
    },
    {
        "result": "badRegion"
    }
]
