[
    {
        "result": "badStage"
    },
    {
        "result": "badStage"
    },
    {
        "result": "badStage"
    },
    {
        "result": "badStage"
    },
    {
        "result": "badStage"
    },
    {
        "result": "badStage"
    },
    {
        "result": "badStage"
    },
    {
        "result": "badStage"
    },

    {
        "result": "ok"
    },
    {
        "result": "ok",
        "gameState": {
            "players": [
                {
                    "userId": 1,
                    "username": "username1",
                    "isReady": 1,
                    "priority": 0,
                    "tokensInHand": 0,
                    "currentTokenBadge": {
                        "tokenBadgeId": 0,
                        "specialPowerName": "Alchemist",
                        "raceName": "Amazons"
                    },
                    "declinedTokenBadge": {}
                },
                {
                    "userId": 2,
                    "username": "username2",
                    "isReady": 1,
                    "priority": 1,
                    "tokensInHand": 11,
                    "coins": 4,
                    "currentTokenBadge": {
                        "tokenBadgeId": 2,
                        "specialPowerName": "Bivouacking",
                        "raceName": "Elves"
                    },
                    "declinedTokenBadge": {}
                }
            ],
            "visibleTokenBadges": [
                {
                    "tokenBadgeId": 1,
                    "specialPowerName": "Berserk",
                    "raceName": "Dwarves"
                },
                {
                    "tokenBadgeId": 3,
                    "specialPowerName": "Commando",
                    "raceName": "Giants"
                },
                {
                    "tokenBadgeId": 4,
                    "specialPowerName": "Diplomat",
                    "raceName": "Halflings"
                },
                {
                    "tokenBadgeId": 5,
                    "specialPowerName": "DragonMaster",
                    "raceName": "Humans"
                },
                {
                    "tokenBadgeId": 6,
                    "specialPowerName": "Flying",
                    "raceName": "Orcs"
                },
                {
                    "tokenBadgeId": 7,
                    "specialPowerName": "Forest",
                    "raceName": "Ratmen"
                }
            ]
        }
    }
]
